error[E0080]: evaluation of constant value failed
 --> $DIR/padding.rs:3:10
  |
3 | #[derive(NoUninit)]
  |          ^^^^^^^^ attempt to divide by zero
  |
  = note: this error originates in a derive macro (in Nightly builds, run with -Z macro-backtrace for more info)
